// Jest Snapshot v1, https://goo.gl/fbAQLP

exports[`App Snapshot renders App with no props 1`] = `
<div
  className="App"
>
  <div>
    <div
      className="Counter"
    />
  </div>
  <div>
    <div
      className="Toggle"
    />
  </div>
</div>
`;
