// Jest Snapshot v1, https://goo.gl/fbAQLP

exports[`Toggle Snapshot renders Toggle 1`] = `
<div
  className="Toggle Toggle-on"
>
  <div
    className="Toggle-indicator"
    onClick={[Function]}
  />
</div>
`;
